main.c:115:5:main	160	static
main.c:216:6:SystemClock_Config	88	static
main.c:267:13:MX_ADC1_Init	24	static
main.c:342:13:MX_I2C1_Init	8	static
main.c:376:13:MX_SPI2_Init	8	static
main.c:414:13:MX_TIM2_Init	32	static
main.c:459:13:MX_TIM3_Init	32	static
main.c:504:13:MX_TIM4_Init	32	static
main.c:549:13:MX_TIM5_Init	32	static
main.c:594:13:MX_TIM6_Init	16	static
main.c:632:13:MX_TIM7_Init	16	static
main.c:670:13:MX_TIM8_Init	32	static
main.c:716:13:MX_UART5_Init	8	static
main.c:749:13:MX_USART1_UART_Init	8	static
main.c:780:13:MX_DMA_Init	16	static
main.c:798:13:MX_GPIO_Init	48	static
main.c:894:6:StartDefaultTask	16	static
main.c:927:6:Task_10ms	16	static
main.c:953:6:Task_50ms	16	static
main.c:979:6:Task_StateMachine	24	static
main.c:1008:6:Task_Display	24	static
main.c:1038:6:HAL_TIM_PeriodElapsedCallback	16	static
main.c:1055:6:Error_Handler	4	static,ignoring_inline_asm
