stm32f4xx_it.c:80:6:NMI_Handler	4	static
stm32f4xx_it.c:95:6:HardFault_Handler	4	static
stm32f4xx_it.c:110:6:MemManage_Handler	4	static
stm32f4xx_it.c:125:6:BusFault_Handler	4	static
stm32f4xx_it.c:140:6:UsageFault_Handler	4	static
stm32f4xx_it.c:155:6:DebugMon_Handler	4	static
stm32f4xx_it.c:175:6:EXTI9_5_IRQHandler	8	static
stm32f4xx_it.c:191:6:TIM1_UP_TIM10_IRQHandler	8	static
stm32f4xx_it.c:205:6:TIM3_IRQHandler	4	static
stm32f4xx_it.c:219:6:TIM5_IRQHandler	8	static
stm32f4xx_it.c:233:6:TIM6_DAC_IRQHandler	8	static
stm32f4xx_it.c:247:6:TIM7_IRQHandler	8	static
stm32f4xx_it.c:261:6:DMA2_Stream0_IRQHandler	8	static
