main.c:114:5:main	160	static
main.c:216:6:SystemClock_Config	88	static
main.c:267:13:MX_ADC1_Init	24	static
main.c:343:13:MX_I2C1_Init	8	static
main.c:377:13:MX_TIM2_Init	32	static
main.c:422:13:MX_TIM3_Init	32	static
main.c:467:13:MX_TIM4_Init	32	static
main.c:512:13:MX_TIM5_Init	32	static
main.c:557:13:MX_TIM6_Init	16	static
main.c:595:13:MX_TIM7_Init	16	static
main.c:633:13:MX_TIM8_Init	32	static
main.c:679:13:MX_UART5_Init	8	static
main.c:712:13:MX_USART1_UART_Init	8	static
main.c:745:13:MX_USART3_UART_Init	8	static
main.c:776:13:MX_DMA_Init	16	static
main.c:794:13:MX_GPIO_Init	48	static
main.c:884:6:StartDefaultTask	16	static
main.c:919:6:Task_10ms	16	static
main.c:945:6:Task_50ms	16	static
main.c:971:6:Task_StateMachine	24	static
main.c:1002:6:Task_Display	24	static
main.c:1032:6:HAL_TIM_PeriodElapsedCallback	16	static
main.c:1049:6:Error_Handler	4	static,ignoring_inline_asm
