stm32f4xx_it.c:82:6:NMI_Handler	4	static
stm32f4xx_it.c:97:6:HardFault_Handler	4	static
stm32f4xx_it.c:112:6:MemManage_Handler	4	static
stm32f4xx_it.c:127:6:BusFault_Handler	4	static
stm32f4xx_it.c:142:6:UsageFault_Handler	4	static
stm32f4xx_it.c:157:6:DebugMon_Handler	4	static
stm32f4xx_it.c:177:6:EXTI9_5_IRQHandler	8	static
stm32f4xx_it.c:193:6:TIM1_UP_TIM10_IRQHandler	8	static
stm32f4xx_it.c:207:6:TIM3_IRQHandler	4	static
stm32f4xx_it.c:221:6:TIM5_IRQHandler	8	static
stm32f4xx_it.c:235:6:UART5_IRQHandler	8	static
stm32f4xx_it.c:249:6:TIM6_DAC_IRQHandler	8	static
stm32f4xx_it.c:263:6:TIM7_IRQHandler	8	static
stm32f4xx_it.c:277:6:DMA2_Stream0_IRQHandler	8	static
stm32f4xx_it.c:291:6:OTG_HS_IRQHandler	8	static
