stateMachine.c:88:6:SM_ECUInit	8	static
stateMachine.c:145:6:SM_ListenFromDisplay	16	static
stateMachine.c:163:6:SM_StateMachineHandler	40	static
stateMachine.c:699:20:DisplayWindowSelection	4	static
stateMachine.c:780:6:SM_SpeakToDisplay	16	static
stateMachine.c:784:6:SM_10msTask	4	static
stateMachine.c:789:6:HAL_GPIO_EXTI_Callback	24	static
stateMachine.c:944:20:ScheduleTrigger	16	static
stateMachine.c:1025:6:TIM5_Callback	8	static
stateMachine.c:1053:6:TIM6_Callback	8	static
stateMachine.c:1082:6:TIM7_Callback	8	static
stateMachine.c:1112:6:Appl_AdcPhaseAngleDetermination	16	static
stateMachine.c:1232:7:PID_Current	16	static
stateMachine.c:1240:7:PID_Voltage	16	static
stateMachine.c:1250:7:PID_PrepareVoltage	16	static
stateMachine.c:1275:7:PID_CVMode_CCRun	16	static
stateMachine.c:1291:7:PID_CCMode_CVRun	16	static
stateMachine.c:1307:6:delay_us	16	static
stateMachine.c:1316:6:SafeRunCCMonitoring	8	static
stateMachine.c:1361:6:SafeRunCVMonitoring	8	static
stateMachine.c:1406:6:StartCurrentProvidingLoop	8	static
stateMachine.c:1443:6:StartVoltageProvidingLoop	8	static
stateMachine.c:1480:6:StopCurrentProvidingLoop	16	static
stateMachine.c:1491:6:StopVoltageProvidingLoop	16	static
stateMachine.c:1503:6:switchOnBuzzer	8	static
stateMachine.c:1543:6:StartSelftestCVPrepare	24	static
stateMachine.c:1586:6:StartSelftestCCPrepare	24	static
